>gi|407293146|gb|CP003862.1| Francisella tularensis subsp. holarctica FSC200, complete genome
GGATGTAAAAAAACAATAAAAAAACCCTTAATAAAAATGTGGATAAAAAATTATCAAATTTATTAACAGA
TATATTAACATATTTGTGAATAACTTATTAAACAATCATTTGACCAAATAATAAACAAATTAATTAACAC
ATTTATCCACAGACTTACTTAATTATGATTGCTTATTTATTTTTATTGCAATAAAATCTTATCCATTCAA
TTAATAGTTTTGCCTACATTTGGCTATCCTTTATATTTTAAGGGTTATTAGGATATTTTTTATTATGACT
ACATGGGATAAATGTTTAAAAAAAATAAAAAAAAACCTTTCTACGTTTGAGTATAAGACGTGGATAAAGC
CTATCCATGTGGAGCAAAATAGTAACTTATTCACAGTTTACTGTAACAATGAATATTTCAAAAAACATAT
AAAATCTAAGTATGGAAATCTTATTTTATCAACAATCCAAGAGTGTCATGGTAATGATTTAATTATTGAA
TATTCTAATAAAAAATTCTCTGGCGAAAAAATTACTGAGGTTATCACAGCTGGACCACAAGCTAATTTTT
TTAGCACAACAAGTGTTGAGATAAAAGATGAATCAGAAGATACAAAAGTAGTACAAGAACCTAAAATATT
